../Core/Src/main.c:128:5:main	8	static
../Core/Src/main.c:230:6:SystemClock_Config	120	static
../Core/Src/main.c:281:13:MX_USART3_UART_Init	8	static
../Core/Src/main.c:329:13:MX_GPIO_Init	16	static
../Core/Src/main.c:338:19:FEKI_UART_Transmit	48	static
../Core/Src/main.c:415:6:Task1Function	24	static
../Core/Src/main.c:456:6:Task2Function	24	static
../Core/Src/main.c:498:6:Task3Function	24	static
../Core/Src/main.c:540:6:Task4Function	24	static
../Core/Src/main.c:582:6:HAL_TIM_PeriodElapsedCallback	16	static
../Core/Src/main.c:599:6:Error_Handler	4	static,ignoring_inline_asm
